   Ôû▓ Next.js 15.5.9
   - Environments: .env.local, .env
   - Experiments (use with caution):
     ┬À optimizePackageImports

   Creating an optimized production build ...
 Ô£ô Compiled successfully in 10.5s
   Skipping validation of types
   Skipping linting
   Collecting page data ...
   Generating static pages (0/15) ...
node.exe : Automatic initialization 
failed. Falling back to firebase 
config object. Error [FirebaseError]: 
Firebase: Need to provide options, 
when not being deployed to hosting 
via source. (app/no-options).
En C:\Program Files\nodejs\npx.ps1: 
29 Carácter: 3
+   & $NODE_EXE $NPX_CLI_JS $args
+   ~~~~~~~~~~~~~~~~~~~~~~~~~~~~~
    + CategoryInfo          : NotSpec 
   ified: (Automatic initi...pp/no-o  
  ptions).:String) [], RemoteExcept   
 ion
    + FullyQualifiedErrorId : NativeC 
   ommandError
 
    at W (D:\Carpetas\Desktop\Zona mot
ores\web\Zona-Motores-main\.next\serve
r\chunks\842.js:1:178831)
    at y (D:\Carpetas\Desktop\Zona mot
ores\web\Zona-Motores-main\.next\serve
r\chunks\132.js:1:6363)
    at <unknown> 
(D:\Carpetas\Desktop\Zona motores\web\
Zona-Motores-main\.next\server\chunks\
132.js:1:6152)
    at u (D:\Carpetas\Desktop\Zona mot
ores\web\Zona-Motores-main\.next\serve
r\chunks\132.js:1:6147) {
  code: 'app/no-options',
  customData: {}
}
   Generating static pages (3/15) 
   Generating static pages (7/15) 
 Ô¿» useSearchParams() should be 
wrapped in a suspense boundary at 
page "/listings". Read more: https://n
extjs.org/docs/messages/missing-suspen
se-with-csr-bailout
    at g (D:\Carpetas\Desktop\Zona mot
ores\web\Zona-Motores-main\.next\serve
r\chunks\842.js:21:82027)
    at m (D:\Carpetas\Desktop\Zona mot
ores\web\Zona-Motores-main\.next\serve
r\chunks\842.js:39:40914)
    at bc (D:\Carpetas\Desktop\Zona mo
tores\web\Zona-Motores-main\.next\serv
er\app\listings\page.js:1:32073)
    at n3 (D:\Carpetas\Desktop\Zona mo
tores\web\Zona-Motores-main\node_modul
es\next\dist\compiled\next-server\app-
page.runtime.prod.js:2:82831)
    at n6 (D:\Carpetas\Desktop\Zona mo
tores\web\Zona-Motores-main\node_modul
es\next\dist\compiled\next-server\app-
page.runtime.prod.js:2:84601)
    at n5 (D:\Carpetas\Desktop\Zona mo
tores\web\Zona-Motores-main\node_modul
es\next\dist\compiled\next-server\app-
page.runtime.prod.js:2:104801)
    at n7 (D:\Carpetas\Desktop\Zona mo
tores\web\Zona-Motores-main\node_modul
es\next\dist\compiled\next-server\app-
page.runtime.prod.js:2:102219)
    at n8 (D:\Carpetas\Desktop\Zona mo
tores\web\Zona-Motores-main\node_modul
es\next\dist\compiled\next-server\app-
page.runtime.prod.js:2:83183)
    at n6 (D:\Carpetas\Desktop\Zona mo
tores\web\Zona-Motores-main\node_modul
es\next\dist\compiled\next-server\app-
page.runtime.prod.js:2:84647)
    at n5 (D:\Carpetas\Desktop\Zona mo
tores\web\Zona-Motores-main\node_modul
es\next\dist\compiled\next-server\app-
page.runtime.prod.js:2:104801)
Error occurred prerendering page 
"/listings". Read more: https://nextjs
.org/docs/messages/prerender-error
Export encountered an error on 
/listings/page: /listings, exiting 
the build.
 Ô¿» Next.js build worker exited with 
code: 1 and signal: null
