src/app/business/[slug]/staff/page.tsx(147,33): error TS2551: Property 'comision_porcentaje' does not exist on type 'StaffMember'. Did you mean 'commission_percentage'?
src/app/business/[slug]/staff/page.tsx(148,95): error TS2551: Property 'comision_porcentaje' does not exist on type 'StaffMember'. Did you mean 'commission_percentage'?
src/app/listings/[id]/edit/page.tsx(234,79): error TS2677: A type predicate's type must be assignable to its parameter's type.
  Type 'PhotoState' is not assignable to type '{ file: File; previewUrl: string; }'.
    Types of property 'file' are incompatible.
      Type 'File | undefined' is not assignable to type 'File'.
        Type 'undefined' is not assignable to type 'File'.
src/app/listings/[id]/edit/page.tsx(239,17): error TS2345: Argument of type '(prev: PhotoState[]) => (PhotoState | { file: File; previewUrl: string; } | null)[]' is not assignable to parameter of type 'SetStateAction<PhotoState[]>'.
  Type '(prev: PhotoState[]) => (PhotoState | { file: File; previewUrl: string; } | null)[]' is not assignable to type '(prevState: PhotoState[]) => PhotoState[]'.
    Type '(PhotoState | { file: File; previewUrl: string; } | null)[]' is not assignable to type 'PhotoState[]'.
      Type 'PhotoState | { file: File; previewUrl: string; } | null' is not assignable to type 'PhotoState'.
        Type 'null' is not assignable to type 'PhotoState'.
src/app/listings/[id]/edit/page.tsx(247,25): error TS2345: Argument of type '(prev: string[]) => (string | undefined)[]' is not assignable to parameter of type 'SetStateAction<string[]>'.
  Type '(prev: string[]) => (string | undefined)[]' is not assignable to type '(prevState: string[]) => string[]'.
    Type '(string | undefined)[]' is not assignable to type 'string[]'.
      Type 'string | undefined' is not assignable to type 'string'.
        Type 'undefined' is not assignable to type 'string'.
src/app/listings/[id]/page.tsx(930,19): error TS2322: Type 'UserProfile | { businessId: any; accountType: "dealer"; uid?: string | undefined; displayName?: string | undefined; email?: string | undefined; isVerified?: boolean | undefined; ... 8 more ...; id?: string | undefined; }' is not assignable to type 'UserProfile'.
  Type '{ businessId: any; accountType: "dealer"; uid?: string | undefined; displayName?: string | undefined; email?: string; isVerified?: boolean | undefined; phone?: string; cedula?: string; logoUrl?: string; ... 5 more ...; id?: string | undefined; }' is not assignable to type 'UserProfile'.
    Types of property 'uid' are incompatible.
      Type 'string | undefined' is not assignable to type 'string'.
        Type 'undefined' is not assignable to type 'string'.
src/app/listings/[id]/page.tsx(1013,21): error TS2322: Type 'UserProfile | { businessId: any; accountType: "dealer"; uid?: string | undefined; displayName?: string | undefined; email?: string | undefined; isVerified?: boolean | undefined; ... 8 more ...; id?: string | undefined; }' is not assignable to type 'UserProfile'.
  Type '{ businessId: any; accountType: "dealer"; uid?: string | undefined; displayName?: string | undefined; email?: string; isVerified?: boolean | undefined; phone?: string; cedula?: string; logoUrl?: string; ... 5 more ...; id?: string | undefined; }' is not assignable to type 'UserProfile'.
    Types of property 'uid' are incompatible.
      Type 'string | undefined' is not assignable to type 'string'.
        Type 'undefined' is not assignable to type 'string'.
src/app/sitemap.ts(60,3): error TS2322: Type '{ url: string; lastModified: Date; changeFrequency: string; priority: number; }[]' is not assignable to type 'SitemapFile'.
  Type '{ url: string; lastModified: Date; changeFrequency: string; priority: number; }' is not assignable to type '{ url: string; lastModified?: string | Date | undefined; changeFrequency?: "weekly" | "daily" | "monthly" | "always" | "hourly" | "yearly" | "never" | undefined; priority?: number | undefined; alternates?: { ...; } | undefined; images?: string[] | undefined; videos?: Videos[] | undefined; }'.
    Types of property 'changeFrequency' are incompatible.
      Type 'string' is not assignable to type '"weekly" | "daily" | "monthly" | "always" | "hourly" | "yearly" | "never" | undefined'.
src/components/business/expense-wizard.tsx(44,11): error TS2339: Property 'slug' does not exist on type 'BusinessAuthContextValue'.
src/components/business/product-form-dialog.tsx(122,51): error TS2339: Property 'items' does not exist on type '{ id: string; }'.
src/components/business/product-form-dialog.tsx(458,25): error TS2304: Cannot find name 'Badge'.
src/components/business/product-form-dialog.tsx(458,143): error TS2304: Cannot find name 'Badge'.
src/components/business/purchase-history-dialog.tsx(395,35): error TS2367: This comparison appears to be unintentional because the types '"contado"' and '"por_pagar"' have no overlap.
src/components/business/purchase-history-dialog.tsx(399,103): error TS2367: This comparison appears to be unintentional because the types '"contado"' and '"por_pagar"' have no overlap.
src/components/business/purchase-history-dialog.tsx(510,53): error TS2551: Property 'subtotal_bs' does not exist on type 'Compra'. Did you mean 'subtotal_usd'?
src/components/business/purchase-history-dialog.tsx(519,53): error TS2551: Property 'iva_monto_bs' does not exist on type 'Compra'. Did you mean 'iva_monto'?
src/components/business/purchase-order-dialog.tsx(1180,54): error TS2304: Cannot find name 'costWithIvaUsd'.
src/components/business/purchase-order-dialog.tsx(1189,57): error TS2304: Cannot find name 'costWithIvaUsd'.
src/components/business/purchase-order-dialog.tsx(1199,57): error TS2304: Cannot find name 'costWithIvaUsd'.
src/components/business/sale-form-dialog.tsx(266,19): error TS2551: Property 'comision_porcentaje' does not exist on type 'StaffMember'. Did you mean 'commission_percentage'?
src/components/business/sale-form-dialog.tsx(266,66): error TS2551: Property 'comision_porcentaje' does not exist on type 'StaffMember'. Did you mean 'commission_percentage'?
src/components/business/vehicle-form-dialog.tsx(914,48): error TS2551: Property 'comision_porcentaje' does not exist on type 'StaffMember'. Did you mean 'commission_percentage'?
src/components/map-location-filter.tsx(133,9): error TS2322: Type '(event: google.maps.MapMouseEvent) => void' is not assignable to type '(event: MapMouseEvent) => void'.
  Types of parameters 'event' and 'event' are incompatible.
    Property 'latLng' is missing in type 'import("D:/Carpetas/Desktop/Zona motores/web/Zona-Motores-main/node_modules/@vis.gl/react-google-maps/dist/components/map/use-map-events").MapMouseEvent' but required in type 'google.maps.MapMouseEvent'.
src/components/theme-provider.tsx(5,41): error TS2307: Cannot find module 'next-themes/dist/types' or its corresponding type declarations.
src/components/ui/calendar.tsx(25,9): error TS2353: Object literal may only specify known properties, and 'caption' does not exist in type 'Partial<ClassNames>'.
src/components/ui/calendar.tsx(57,9): error TS2353: Object literal may only specify known properties, and 'IconLeft' does not exist in type 'CustomComponents'.
src/components/ui/calendar.tsx(57,22): error TS7031: Binding element 'className' implicitly has an 'any' type.
src/components/ui/calendar.tsx(60,23): error TS7031: Binding element 'className' implicitly has an 'any' type.
src/components/ui/chart.tsx(119,7): error TS2339: Property 'payload' does not exist on type 'Omit<Props<ValueType, NameType>, PropertiesReadFromContext> & { active?: boolean | undefined; includeHidden?: boolean | undefined; ... 17 more ...; axisId?: AxisId | undefined; } & ClassAttributes<...> & HTMLAttributes<...> & { ...; }'.
src/components/ui/chart.tsx(124,7): error TS2339: Property 'label' does not exist on type 'Omit<Props<ValueType, NameType>, PropertiesReadFromContext> & { active?: boolean | undefined; includeHidden?: boolean | undefined; ... 17 more ...; axisId?: AxisId | undefined; } & ClassAttributes<...> & HTMLAttributes<...> & { ...; }'.
src/components/ui/chart.tsx(188,25): error TS7006: Parameter 'item' implicitly has an 'any' type.
src/components/ui/chart.tsx(188,31): error TS7006: Parameter 'index' implicitly has an 'any' type.
src/components/ui/chart.tsx(264,41): error TS2344: Type '"payload" | "verticalAlign"' does not satisfy the constraint '"string" | "path" | "href" | "origin" | "media" | "spacing" | "order" | "height" | "width" | "rotate" | "scale" | "cursor" | "fill" | "stroke" | "strokeWidth" | "fontFamily" | "fontSize" | ... 427 more ... | "onBBoxUpdate"'.
  Type '"payload"' is not assignable to type '"string" | "path" | "href" | "origin" | "media" | "spacing" | "order" | "height" | "width" | "rotate" | "scale" | "cursor" | "fill" | "stroke" | "strokeWidth" | "fontFamily" | "fontSize" | ... 427 more ... | "onBBoxUpdate"'.
src/components/ui/chart.tsx(275,19): error TS2339: Property 'length' does not exist on type '{}'.
src/components/ui/chart.tsx(288,18): error TS2339: Property 'map' does not exist on type '{}'.
src/components/ui/chart.tsx(288,23): error TS7006: Parameter 'item' implicitly has an 'any' type.
src/components/ui/image-lightbox.tsx(9,15): error TS2305: Module '"@/lib/types"' has no exported member 'VehicleImage'.
